// Jest Snapshot v1, https://goo.gl/fbAQLP

exports[`Link changes the class when hovered trial 1`] = `
<a
  href="#"
  onMouseEnter={[Function]}
  onMouseLeave={[Function]}
>
  Facebook
  <a />
</a>
`;

exports[`Link changes the class when hovered trial 2`] = `
<a
  href="#"
  onMouseEnter={[Function]}
  onMouseLeave={[Function]}
>
  Facebook
  <a />
</a>
`;

exports[`Link changes the class when hovered trial 3`] = `
<a
  href="#"
  onMouseEnter={[Function]}
  onMouseLeave={[Function]}
>
  Facebook
  <a />
</a>
`;
